Script started on 2025-07-28 10:40:24+03:00 [TERM="xterm-256color" TTY="/dev/pts/8" COLUMNS="195" LINES="30"]
reelin@DESKTOP-6LJTCV5:~/todo-app/todo-backend$ docker container ls
CONTAINER ID   IMAGE     COMMAND                  CREATED          STATUS         PORTS                                           NAMES
181b5452e6e8   redis     "docker-entrypoint.s…"   40 minutes ago   Up 4 minutes   0.0.0.0:6379->6379/tcp, [::]:6379->6379/tcp     todo-backend-redis-1
47e0bbf1f866   mongo     "docker-entrypoint.s…"   10 hours ago     Up 4 minutes   0.0.0.0:3456->27017/tcp, [::]:3456->27017/tcp   todo-backend-mongo-1
reelin@DESKTOP-6LJTCV5:~/todo-app/todo-backend$ docker exec -it 181b5452e6e8 bash
root@181b5452e6e8:/data# KEYS *
bash: KEYS: command not found
root@181b5452e6e8:/data# redis-cli
127.0.0.1:6379> KEYS *
1) "added_todos"
127.0.0.1:6379> GET added_todos
"1"
127.0.0.1:6379> SET added_todos 9001
OK
127.0.0.1:6379> DEL added_todos
(integer) 1
127.0.0.1:6379> GET added_todos
(nil)
127.0.0.1:6379> exit
root@181b5452e6e8:/data# exit
exit
reelin@DESKTOP-6LJTCV5:~/todo-app/todo-backend$ exit
exit

Script done on 2025-07-28 10:45:47+03:00 [COMMAND_EXIT_CODE="0"]